Welcome to OT-BnB
Please enter option
create, delete, login, logout, post, search, exit
Please enter your username
Please enter your password
LOGIN SUCCESS! Welcome to OT-BnB davidwatt
Welcome to OT-BnB
Please enter option
create, delete, login, logout, post, search, exit
You have successfully logged out.
Welcome to OT-BnB
Please enter option
create, delete, login, logout, post, search, exit
